** Drc report for G:\BeagleConnect\01 SCH&PCB\20210714\03\BeagleConnect Freedom.kicad_pcb **
** Created on  **

** Found 68 DRC errors **
ErrType(54): 板轮廓没有形成闭合的多边形
    @(59.7829 in, 3.0193 in): PCB
ErrType(19): 焊盘与焊盘太靠近了
    @(10.1439 in, 2.1334 in): 焊盘 J2 - 所有铜层
    @(10.1439 in, 2.1337 in): 焊盘 J3 - 所有铜层
ErrType(19): 焊盘与焊盘太靠近了
    @(10.3372 in, 1.7114 in): 焊盘　2 (C31) - B.Cu 和其它
    @(10.3372 in, 1.7366 in): 焊盘　1 (C31) - B.Cu 和其它
ErrType(19): 焊盘与焊盘太靠近了
    @(10.3695 in, 1.7105 in): 焊盘　1 (L5) - B.Cu 和其它
    @(10.3947 in, 1.7105 in): 焊盘　2 (L5) - B.Cu 和其它
ErrType(19): 焊盘与焊盘太靠近了
    @(10.3793 in, 1.5098 in): 焊盘　1 (L6) - B.Cu 和其它
    @(10.4045 in, 1.5098 in): 焊盘　2 (L6) - B.Cu 和其它
ErrType(19): 焊盘与焊盘太靠近了
    @(10.4273 in, 1.7118 in): 焊盘　2 (C29) - B.Cu 和其它
    @(10.4273 in, 1.7370 in): 焊盘　1 (C29) - B.Cu 和其它
ErrType(19): 焊盘与焊盘太靠近了
    @(10.4367 in, 1.5114 in): 焊盘　1 (C30) - B.Cu 和其它
    @(10.4367 in, 1.5366 in): 焊盘　2 (C30) - B.Cu 和其它
ErrType(19): 焊盘与焊盘太靠近了
    @(10.4439 in, 2.0934 in): 焊盘 J2 - 所有铜层
    @(10.4439 in, 2.0937 in): 焊盘 J3 - 所有铜层
ErrType(19): 焊盘与焊盘太靠近了
    @(10.4439 in, 2.1734 in): 焊盘 J2 - 所有铜层
    @(10.4439 in, 2.1737 in): 焊盘 J3 - 所有铜层
ErrType(19): 焊盘与焊盘太靠近了
    @(10.4607 in, 1.7094 in): 焊盘　2 (C34) - B.Cu 和其它
    @(10.4859 in, 1.7094 in): 焊盘　1 (C34) - B.Cu 和其它
ErrType(19): 焊盘与焊盘太靠近了
    @(10.4693 in, 1.5098 in): 焊盘　2 (C36) - B.Cu 和其它
    @(10.4945 in, 1.5098 in): 焊盘　1 (C36) - B.Cu 和其它
ErrType(19): 焊盘与焊盘太靠近了
    @(10.4884 in, 1.6827 in): 焊盘　1 (L15) - B.Cu 和其它
    @(10.4884 in, 1.7079 in): 焊盘　2 (L15) - B.Cu 和其它
ErrType(19): 焊盘与焊盘太靠近了
    @(10.5206 in, 1.7114 in): 焊盘　2 (C43) - B.Cu 和其它
    @(10.5206 in, 1.7366 in): 焊盘　1 (C43) - B.Cu 和其它
ErrType(19): 焊盘与焊盘太靠近了
    @(10.5787 in, 1.5112 in): 焊盘　1 (U11) - B.Cu 和其它
    @(10.6024 in, 1.5417 in): 焊盘　9 (U11) - B.Cu 和其它
ErrType(19): 焊盘与焊盘太靠近了
    @(10.5787 in, 1.5722 in): 焊盘　8 (U11) - B.Cu 和其它
    @(10.6024 in, 1.5417 in): 焊盘　9 (U11) - B.Cu 和其它
ErrType(19): 焊盘与焊盘太靠近了
    @(10.5945 in, 1.5112 in): 焊盘　2 (U11) - B.Cu 和其它
    @(10.6024 in, 1.5417 in): 焊盘　9 (U11) - B.Cu 和其它
ErrType(19): 焊盘与焊盘太靠近了
    @(10.5945 in, 1.5722 in): 焊盘　7 (U11) - B.Cu 和其它
    @(10.6024 in, 1.5417 in): 焊盘　9 (U11) - B.Cu 和其它
ErrType(19): 焊盘与焊盘太靠近了
    @(10.6024 in, 1.5417 in): 焊盘　9 (U11) - B.Cu 和其它
    @(10.6102 in, 1.5112 in): 焊盘　3 (U11) - B.Cu 和其它
ErrType(19): 焊盘与焊盘太靠近了
    @(10.6260 in, 1.9205 in): 焊盘　1 (C54) - B.Cu 和其它
    @(10.6260 in, 1.9457 in): 焊盘　2 (C54) - B.Cu 和其它
ErrType(19): 焊盘与焊盘太靠近了
    @(10.8102 in, 1.6646 in): 焊盘　1 (C56) - B.Cu 和其它
    @(10.8102 in, 1.6898 in): 焊盘　2 (C56) - B.Cu 和其它
ErrType(19): 焊盘与焊盘太靠近了
    @(10.8409 in, 1.6646 in): 焊盘　1 (L14) - B.Cu 和其它
    @(10.8409 in, 1.6898 in): 焊盘　2 (L14) - B.Cu 和其它
ErrType(19): 焊盘与焊盘太靠近了
    @(10.8409 in, 1.7228 in): 焊盘　2 (C46) - B.Cu 和其它
    @(10.8409 in, 1.7480 in): 焊盘　1 (C46) - B.Cu 和其它
ErrType(19): 焊盘与焊盘太靠近了
    @(10.8453 in, 1.8098 in): 焊盘　2 (L7) - B.Cu 和其它
    @(10.8705 in, 1.8098 in): 焊盘　1 (L7) - B.Cu 和其它
ErrType(19): 焊盘与焊盘太靠近了
    @(10.8713 in, 1.6648 in): 焊盘　1 (C33) - B.Cu 和其它
    @(10.8713 in, 1.6900 in): 焊盘　2 (C33) - B.Cu 和其它
ErrType(19): 焊盘与焊盘太靠近了
    @(10.8713 in, 1.7228 in): 焊盘　1 (L13) - B.Cu 和其它
    @(10.8713 in, 1.7480 in): 焊盘　2 (L13) - B.Cu 和其它
ErrType(19): 焊盘与焊盘太靠近了
    @(10.8724 in, 1.7800 in): 焊盘　2 (C28) - B.Cu 和其它
    @(10.8976 in, 1.7800 in): 焊盘　1 (C28) - B.Cu 和其它
ErrType(19): 焊盘与焊盘太靠近了
    @(10.8736 in, 1.8413 in): 焊盘　1 (L10) - B.Cu 和其它
    @(10.8736 in, 1.8665 in): 焊盘　2 (L10) - B.Cu 和其它
ErrType(51): 钻孔太靠近了
    @(10.1439 in, 2.1337 in): 焊盘 J3 - 所有铜层
    @(10.1439 in, 2.1334 in): 焊盘 J2 - 所有铜层
ErrType(51): 钻孔太靠近了
    @(10.4439 in, 2.1737 in): 焊盘 J3 - 所有铜层
    @(10.4439 in, 2.1734 in): 焊盘 J2 - 所有铜层
ErrType(51): 钻孔太靠近了
    @(10.4439 in, 2.0937 in): 焊盘 J3 - 所有铜层
    @(10.4439 in, 2.0934 in): 焊盘 J2 - 所有铜层
ErrType(22): 覆铜区交叉重叠了
    @(10.1594 in, 1.9576 in): 在 [Net-(AE1-Pad3)] 区域边线 F.Cu 上
    @(10.1606 in, 1.9574 in): 在 [/RF/RF_2_4GHZ_N] 区域边线 F.Cu 上
ErrType(23): 覆铜区交叉或距离过近
    @(10.1606 in, 1.9574 in): 在 [/RF/RF_2_4GHZ_N] 区域边线 F.Cu 上
    @(10.1594 in, 1.9576 in): 在 [Net-(AE1-Pad3)] 区域边线 F.Cu 上
ErrType(23): 覆铜区交叉或距离过近
    @(10.1606 in, 1.9574 in): 在 [/RF/RF_2_4GHZ_N] 区域边线 F.Cu 上
    @(10.1594 in, 1.9576 in): 在 [Net-(AE1-Pad3)] 区域边线 F.Cu 上
ErrType(23): 覆铜区交叉或距离过近
    @(10.1606 in, 1.9574 in): 在 [/RF/RF_2_4GHZ_N] 区域边线 F.Cu 上
    @(10.1594 in, 1.9576 in): 在 [Net-(AE1-Pad3)] 区域边线 F.Cu 上
ErrType(23): 覆铜区交叉或距离过近
    @(10.1606 in, 1.9574 in): 在 [/RF/RF_2_4GHZ_N] 区域边线 F.Cu 上
    @(10.1594 in, 1.9576 in): 在 [Net-(AE1-Pad3)] 区域边线 F.Cu 上
ErrType(23): 覆铜区交叉或距离过近
    @(10.1606 in, 1.9574 in): 在 [/RF/RF_2_4GHZ_N] 区域边线 F.Cu 上
    @(10.1594 in, 1.9576 in): 在 [Net-(AE1-Pad3)] 区域边线 F.Cu 上
ErrType(23): 覆铜区交叉或距离过近
    @(10.1606 in, 1.9574 in): 在 [/RF/RF_2_4GHZ_N] 区域边线 F.Cu 上
    @(10.1594 in, 1.9576 in): 在 [Net-(AE1-Pad3)] 区域边线 F.Cu 上
ErrType(23): 覆铜区交叉或距离过近
    @(10.1606 in, 1.9574 in): 在 [/RF/RF_2_4GHZ_N] 区域边线 F.Cu 上
    @(10.1594 in, 1.9576 in): 在 [Net-(AE1-Pad3)] 区域边线 F.Cu 上
ErrType(23): 覆铜区交叉或距离过近
    @(10.1606 in, 1.9574 in): 在 [/RF/RF_2_4GHZ_N] 区域边线 F.Cu 上
    @(10.1594 in, 1.9576 in): 在 [Net-(AE1-Pad3)] 区域边线 F.Cu 上
ErrType(23): 覆铜区交叉或距离过近
    @(10.1606 in, 1.9574 in): 在 [/RF/RF_2_4GHZ_N] 区域边线 F.Cu 上
    @(10.1594 in, 1.9576 in): 在 [Net-(AE1-Pad3)] 区域边线 F.Cu 上
ErrType(23): 覆铜区交叉或距离过近
    @(10.1606 in, 1.9574 in): 在 [/RF/RF_2_4GHZ_N] 区域边线 F.Cu 上
    @(10.1594 in, 1.9576 in): 在 [Net-(AE1-Pad3)] 区域边线 F.Cu 上
ErrType(22): 覆铜区交叉重叠了
    @(10.1606 in, 1.7449 in): 在 [Net-(AE1-Pad1)] 区域边线 B.Cu 上
    @(11.5450 in, 3.3000 in): 在 [GND] 区域边线 B.Cu 上
ErrType(22): 覆铜区交叉重叠了
    @(10.1606 in, 1.7449 in): 在 [Net-(AE1-Pad1)] 区域边线 B.Cu 上
    @(11.5450 in, 3.3000 in): 在 [GND] 区域边线 B.Cu 上
ErrType(22): 覆铜区交叉重叠了
    @(10.1606 in, 1.7449 in): 在 [Net-(AE1-Pad1)] 区域边线 B.Cu 上
    @(11.5450 in, 3.3000 in): 在 [GND] 区域边线 B.Cu 上
ErrType(22): 覆铜区交叉重叠了
    @(10.1606 in, 1.7449 in): 在 [Net-(AE1-Pad1)] 区域边线 B.Cu 上
    @(11.5450 in, 3.3000 in): 在 [GND] 区域边线 B.Cu 上
ErrType(22): 覆铜区交叉重叠了
    @(10.1606 in, 1.7449 in): 在 [Net-(AE1-Pad1)] 区域边线 B.Cu 上
    @(11.5450 in, 3.3000 in): 在 [GND] 区域边线 B.Cu 上
ErrType(22): 覆铜区交叉重叠了
    @(10.1606 in, 1.7449 in): 在 [Net-(AE1-Pad1)] 区域边线 B.Cu 上
    @(11.5450 in, 3.3000 in): 在 [GND] 区域边线 B.Cu 上
ErrType(23): 覆铜区交叉或距离过近
    @(10.1606 in, 1.7449 in): 在 [Net-(AE1-Pad1)] 区域边线 B.Cu 上
    @(11.5450 in, 3.3000 in): 在 [GND] 区域边线 B.Cu 上
ErrType(23): 覆铜区交叉或距离过近
    @(10.1606 in, 1.7449 in): 在 [Net-(AE1-Pad1)] 区域边线 B.Cu 上
    @(11.5450 in, 3.3000 in): 在 [GND] 区域边线 B.Cu 上
ErrType(42): 过孔太靠近覆铜区项目
    @(10.5888 in, 1.5417 in): 过孔 0.0197 in [GND] 在 F.Cu - B.Cu上
    @(10.5779 in, 1.5377 in): 图形 线 U11 (B.Cu)
ErrType(42): 过孔太靠近覆铜区项目
    @(10.5888 in, 1.5417 in): 过孔 0.0197 in [GND] 在 F.Cu - B.Cu上
    @(10.5759 in, 1.5377 in): 图形 线 U11 (B.Cu)
ErrType(42): 过孔太靠近覆铜区项目
    @(10.5888 in, 1.5417 in): 过孔 0.0197 in [GND] 在 F.Cu - B.Cu上
    @(10.5759 in, 1.5417 in): 图形 线 U11 (B.Cu)
ErrType(42): 过孔太靠近覆铜区项目
    @(10.5888 in, 1.5417 in): 过孔 0.0197 in [GND] 在 F.Cu - B.Cu上
    @(10.5779 in, 1.5417 in): 图形 线 U11 (B.Cu)
ErrType(42): 过孔太靠近覆铜区项目
    @(10.5888 in, 1.5417 in): 过孔 0.0197 in [GND] 在 F.Cu - B.Cu上
    @(10.5779 in, 1.5457 in): 图形 线 U11 (B.Cu)
ErrType(42): 过孔太靠近覆铜区项目
    @(10.5888 in, 1.5417 in): 过孔 0.0197 in [GND] 在 F.Cu - B.Cu上
    @(10.5759 in, 1.5457 in): 图形 线 U11 (B.Cu)
ErrType(42): 过孔太靠近覆铜区项目
    @(10.5888 in, 1.5417 in): 过孔 0.0197 in [GND] 在 F.Cu - B.Cu上
    @(10.5759 in, 1.5417 in): 图形 线 U11 (B.Cu)
ErrType(42): 过孔太靠近覆铜区项目
    @(10.5888 in, 1.5417 in): 过孔 0.0197 in [GND] 在 F.Cu - B.Cu上
    @(10.5779 in, 1.5417 in): 图形 线 U11 (B.Cu)
ErrType(42): 过孔太靠近覆铜区项目
    @(10.6122 in, 1.5413 in): 过孔 0.0197 in [GND] 在 F.Cu - B.Cu上
    @(10.6269 in, 1.5377 in): 图形 线 U11 (B.Cu)
ErrType(42): 过孔太靠近覆铜区项目
    @(10.6122 in, 1.5413 in): 过孔 0.0197 in [GND] 在 F.Cu - B.Cu上
    @(10.6289 in, 1.5377 in): 图形 线 U11 (B.Cu)
ErrType(42): 过孔太靠近覆铜区项目
    @(10.6122 in, 1.5413 in): 过孔 0.0197 in [GND] 在 F.Cu - B.Cu上
    @(10.6289 in, 1.5417 in): 图形 线 U11 (B.Cu)
ErrType(42): 过孔太靠近覆铜区项目
    @(10.6122 in, 1.5413 in): 过孔 0.0197 in [GND] 在 F.Cu - B.Cu上
    @(10.6269 in, 1.5417 in): 图形 线 U11 (B.Cu)
ErrType(42): 过孔太靠近覆铜区项目
    @(10.6122 in, 1.5413 in): 过孔 0.0197 in [GND] 在 F.Cu - B.Cu上
    @(10.6269 in, 1.5457 in): 图形 线 U11 (B.Cu)
ErrType(42): 过孔太靠近覆铜区项目
    @(10.6122 in, 1.5413 in): 过孔 0.0197 in [GND] 在 F.Cu - B.Cu上
    @(10.6289 in, 1.5457 in): 图形 线 U11 (B.Cu)
ErrType(42): 过孔太靠近覆铜区项目
    @(10.6122 in, 1.5413 in): 过孔 0.0197 in [GND] 在 F.Cu - B.Cu上
    @(10.6289 in, 1.5417 in): 图形 线 U11 (B.Cu)
ErrType(42): 过孔太靠近覆铜区项目
    @(10.6122 in, 1.5413 in): 过孔 0.0197 in [GND] 在 F.Cu - B.Cu上
    @(10.6269 in, 1.5417 in): 图形 线 U11 (B.Cu)
ErrType(45): 外框重叠
    @(10.1439 in, 2.1337 in): 封装 J3 在 B.Cu 层
    @(10.1439 in, 2.1334 in): 封装 J2 在 F.Cu 层
ErrType(45): 外框重叠
    @(10.1439 in, 2.1337 in): 封装 J3 在 B.Cu 层
    @(10.1439 in, 2.1334 in): 封装 J2 在 F.Cu 层
ErrType(45): 外框重叠
    @(10.4733 in, 1.7094 in): 封装 C34 在 B.Cu 层
    @(10.4884 in, 1.6953 in): 封装 L15 在 B.Cu 层

** Found 1 unconnected pads **
ErrType(2): 未连接的项目
    @(10.8741 in, 1.6607 in): 在 [GND] 区域边线 B.Cu 上
    @(10.8933 in, 1.6563 in): 过孔 0.0197 in [GND] 在 F.Cu - B.Cu上

** End of Report **
